[  0%] Built target OpenSwathAlgo_autogen_timestamp_deps
[  0%] Built target sqlite3
[  0%] Built target eol-bspline
[  0%] Built target IsoSpec
[  0%] Built target OpenSwathAlgo_autogen
[  0%] Built target opentims_cpp
[  1%] Built target SQLiteCpp
[  3%] Built target yaml-cpp
[  4%] Built target OpenSwathAlgo
[  4%] Built target OpenMS_autogen_timestamp_deps
[  4%] Built target OpenMS_autogen
[ 32%] Built target OpenMS
[ 32%] Built target BaselineFilter
[ 32%] Built target AccurateMassSearch
[ 32%] Built target AssayGeneratorMetabo
[ 32%] Built target AssayGeneratorMetaboSirius
[ 32%] Built target FeatureFinderLFQ
[ 32%] Built target CometAdapter
[ 32%] Built target ClusterMassTracesByPrecursor
[ 32%] Built target ClusterMassTraces
[ 32%] Built target CVInspector
[ 32%] Built target ConsensusID
[ 32%] Built target DatabaseFilter
[ 32%] Built target ConsensusMapNormalizer
[ 32%] Built target DeMeanderize
[ 32%] Built target DecoyDatabase
[ 32%] Built target Decharger
[ 32%] Built target DatabaseSuitability
[ 32%] Built target DigestorMotif
[ 32%] Built target Digestor
[ 32%] Built target DTAExtractor
[ 32%] Built target EICExtractor
[ 32%] Built target ExternalCalibration
[ 32%] Built target Epifany
[ 32%] Built target FalseDiscoveryRate
[ 33%] Built target FeatureFinderCentroided
[ 33%] Built target FeatureFinderIdentification
[ 33%] Built target FeatureFinderMetabo
[ 33%] Built target FeatureFinderMetaboIdent
[ 33%] Built target FeatureFinderMultiplex
[ 33%] Built target FeatureLinkerLabeled
[ 33%] Built target FeatureLinkerUnlabeled
[ 33%] Built target FeatureLinkerUnlabeledKD
[ 33%] Built target FeatureLinkerUnlabeledQT
[ 33%] Built target FileConverter
[ 33%] Built target FileFilter
[ 33%] Built target FileInfo
[ 33%] Built target FuzzyDiff
[ 33%] Built target FileMerger
[ 33%] Built target FLASHDeconv
[ 33%] Built target IDDecoyProbability
[ 34%] Built target GNPSExport
[ 35%] Built target HighResPrecursorMassCorrector
[ 35%] Built target IDConflictResolver
[ 35%] Built target IDExtractor
[ 35%] Built target IDFileConverter
[ 35%] Built target IDMapper
[ 35%] Built target IDFilter
[ 35%] Built target IDPosteriorErrorProbability
[ 35%] Built target IDMerger
[ 35%] Built target IDRTCalibration
[ 35%] Built target IDRipper
[ 35%] Built target IDScoreSwitcher
[ 35%] Built target IDSplitter
[ 35%] Built target IonMobilityBinning
[ 35%] Built target InternalCalibration
[ 35%] Built target JSONExporter
[ 35%] Built target IsobaricAnalyzer
[ 35%] Built target IsobaricWorkflow
[ 35%] Built target LuciphorAdapter
[ 35%] Built target MapAlignerPoseClustering
[ 35%] Built target MapAlignerIdentification
[ 35%] Built target MapNormalizer
[ 35%] Built target MapAlignerTreeGuided
[ 35%] Built target MaRaClusterAdapter
[ 35%] Built target MapStatistics
[ 35%] Built target MapRTTransformer
[ 35%] Built target MascotAdapterOnline
[ 35%] Built target MassCalculator
[ 36%] Built target MetaboliteAdductDecharger
[ 36%] Built target MetaboliteSpectralMatcher
[ 36%] Built target MassTraceExtractor
[ 36%] Built target MetaProSIP
[ 36%] Built target MRMMapper
[ 36%] Built target MRMPairFinder
[ 36%] Built target MSGFPlusAdapter
[ 37%] Built target MSFraggerAdapter
[ 37%] Built target MzMLSplitter
[ 37%] Built target MSstatsConverter
[ 37%] Built target MultiplexResolver
[ 37%] Built target MzTabExporter
[ 37%] Built target NoiseFilterGaussian
[ 37%] Built target NoiseFilterSGolay
[ 38%] Built target NovorAdapter
[ 38%] Built target OpenMSDatabasesInfo
[ 38%] Built target OpenMSInfo
[ 38%] Built target NucleicAcidSearchEngine
[ 38%] Built target OpenNuXL
[ 38%] Built target OpenPepXL
[ 38%] Built target OpenSwathAnalyzer
[ 38%] Built target OpenSwathAssayGenerator
[ 38%] Built target OpenSwathChromatogramExtractor
[ 38%] Built target OpenSwathDecoyGenerator
[ 38%] Built target OpenSwathConfidenceScoring
[ 38%] Built target OpenSwathFeatureXMLToTSV
[ 38%] Built target PeakPickerHiRes
[ 38%] Built target OpenSwathRTNormalizer
[ 38%] Built target PeakPickerIterative
[ 38%] Built target PeakPickerIM
[ 38%] Built target PeptideIndexer
[ 38%] Built target PeptideDataBaseSearchFI
[ 38%] Built target PercolatorAdapter
[ 38%] Built target PhosphoScoring
[ 38%] Built target ProteinInference
[ 38%] Built target ProteinQuantifier
[ 38%] Built target PSMFeatureExtractor
[ 38%] Built target QCCalculator
[ 38%] Built target QCEmbedder
[ 38%] Built target QCExporter
[ 38%] Built target ProteomicsLFQ
[ 38%] Built target QCExtractor
[ 38%] Built target QCImporter
[ 38%] Built target QCMerger
[ 38%] Built target QCShrinker
[ 38%] Built target Resampler
[ 39%] Built target RNAMassCalculator
[ 39%] Built target QualityControl
[ 39%] Built target RNADigestor
[ 39%] Built target RNPxlXICFilter
[ 39%] Built target SemanticValidator
[ 39%] Built target SeedListGenerator
[ 39%] Built target SageAdapter
[ 40%] Built target SequenceCoverageCalculator
[ 40%] Built target SimpleSearchEngine
[ 40%] Built target SpectraFilterNLargest
[ 40%] Built target SiriusExport
[ 40%] Built target SpectraFilterNormalizer
[ 40%] Built target SpectraFilterThresholdMower
[ 40%] Built target SpectraFilterWindowMower
[ 40%] Built target SpectraSTSearchAdapter
[ 40%] Built target SpectraMerger
[ 40%] Built target StaticModification
[ 40%] Built target TICCalculator
[ 40%] Built target TextExporter
[ 40%] Built target XFDR
[ 40%] Built target TriqlerConverter
[ 40%] Built target TargetedFileConverter
[ 40%] Built target XMLValidator
[ 41%] Built target OpenSwathMzMLFileCacher
[ 41%] Built target OpenSwathDIAPreScoring
[ 41%] Built target OpenSwathFileSplitter
[ 41%] Built target OpenSwathWorkflow
[ 41%] Built target OpenSwathRewriteToFeatureXML
[ 42%] Built target MRMTransitionGroupPicker
[ 42%] Built target OpenMS_GUI_autogen_timestamp_deps
[ 42%] Built target QPXConverter
[ 42%] Built target Scoring_test
[ 42%] Built target ParquetConverter
[ 43%] Built target TestConvert
[ 44%] Built target Datastructures_test
[ 44%] Built target DiaHelpers_test
[ 44%] Built target SwathMap_test
[ 44%] Built target ClassTest_test
[ 44%] Built target Colorizer_test
[ 44%] Built target Exception_Base_test
[ 44%] Built target FuzzyStringComparator_test
[ 44%] Built target Types_test
[ 44%] Built target StreamHandler_test
[ 44%] Built target VersionInfo_test
[ 44%] Built target Multithreading_test
[ 45%] Built target LogConfigHandler_test
[ 45%] Built target LogStream_test
[ 45%] Built target UniqueIdInterface_test
[ 45%] Built target UniqueIdIndexer_test
[ 45%] Built target ExternalProcess_test
[ 45%] Built target UniqueIdGenerator_test
[ 45%] Built target File_test
[ 45%] Built target Network_test
[ 45%] Built target JavaInfo_test
[ 45%] Built target PythonInfo_test
[ 45%] Built target StopWatch_test
[ 45%] Built target Adduct_test
[ 45%] Built target SysInfo_test
[ 45%] Built target ClusteringGrid_test
[ 45%] Built target CalibrationData_test
[ 45%] Built target CVMappingRule_test
[ 45%] Built target CVMappingTerm_test
[ 45%] Built target CVMappings_test
[ 46%] Built target CVReference_test
[ 46%] Built target ChargePair_test
[ 46%] Built target Compomer_test
[ 46%] Built target DBoundingBox_test
[ 46%] Built target ConvexHull2D_test
[ 47%] Built target DIntervalBase_test
[ 47%] Built target DPosition_test
[ 47%] Built target DateTime_test
[ 47%] Built target DRange_test
[ 47%] Built target DataValue_test
[ 47%] Built target Date_test
[ 47%] Built target DefaultParamHandler_test
[ 47%] Built target DistanceMatrix_test
[ 47%] Built target FlagSet_test
[ 47%] Built target FASTAContainer_test
[ 47%] Built target GridBasedCluster_test
[ 47%] Built target HashGrid_test
[ 47%] Built target GridFeature_test
[ 48%] Built target GridBasedClustering_test
[ 48%] Built target ListUtils_test
[ 48%] Built target ListUtilsIO_test
[ 48%] Built target LPWrapper_test
[ 48%] Built target MassExplainer_test
[ 48%] Built target Matrix_test
[ 49%] Built target MatchedIterator_test
[ 49%] Built target MatrixEigen_test
[ 49%] Built target OPXLDataStructs_test
[ 49%] Built target Param_test
[ 49%] Built target ParamValue_test
[ 49%] Built target RangeManager_test
[ 50%] Built target StringListUtils_test
[ 50%] Built target QTCluster_test
[ 50%] Built target String_test
[ 50%] Built target AreaIterator_test
[ 50%] Built target StringUtils_test
[ 50%] Built target ChromatogramPeak_test
[ 50%] Built target BaseFeature_test
[ 51%] Built target ChromatogramTools_test
[ 51%] Built target ConsensusFeature_test
[ 51%] Built target ConversionHelper_test
[ 51%] Built target ConsensusMap_test
[ 51%] Built target ConstRefVector_test
[ 51%] Built target DPeak_test
[ 51%] Built target DimMapper_test
[ 51%] Built target FeatureMap_test
[ 51%] Built target Feature_test
[ 51%] Built target Mobilogram_test
[ 51%] Built target MassTrace_test
[ 51%] Built target MobilityPeak1D_test
[ 51%] Built target MobilityPeak2D_test
[ 51%] Built target MSChromatogram_test
[ 51%] Built target MRMFeature_test
[ 51%] Built target MRMTransitionGroup_test
[ 51%] Built target MSExperiment_test
[ 51%] Built target MSExperiment_rasterizeRTMZ_test
[ 51%] Built target OnDiscMSExperiment_test
[ 51%] Built target MSSpectrum_test
[ 51%] Built target Peak1D_test
[ 51%] Built target Peak2D_test
[ 51%] Built target MSSpectrum_rasterizeIMFrame_test
[ 51%] Built target RichPeak2D_test
[ 51%] Built target RangeUtils_test
[ 51%] Built target StandardTypes_test
[ 51%] Built target PeakIndex_test
[ 51%] Built target SpectrumHelper_test
[ 51%] Built target AcquisitionInfo_test
[ 51%] Built target Acquisition_test
[ 51%] Built target CVTermListInterface_test
[ 51%] Built target CVTermList_test
[ 51%] Built target AnnotatedMSRun_test
[ 51%] Built target CVTerm_test
[ 51%] Built target ContactPerson_test
[ 51%] Built target ChromatogramSettings_test
[ 51%] Built target DataArrays_test
[ 51%] Built target DataProcessing_test
[ 51%] Built target DocumentIdentifier_test
[ 51%] Built target Gradient_test
[ 52%] Built target ExperimentalSettings_test
[ 52%] Built target ExperimentalDesign_test
[ 52%] Built target HPLC_test
[ 52%] Built target InstrumentSettings_test
[ 52%] Built target Instrument_test
[ 52%] Built target IdentificationData_test
[ 52%] Built target IdentificationDataConverter_test
[ 52%] Built target IonDetector_test
[ 52%] Built target IonSource_test
[ 52%] Built target MassAnalyzer_test
[ 52%] Built target MetaInfoDescription_test
[ 52%] Built target MetaInfoInterface_test
[ 52%] Built target MetaInfoInterfaceUtils_test
[ 52%] Built target MetaInfoRegistry_test
[ 52%] Built target MetaInfo_test
[ 52%] Built target PeptideEvidence_test
[ 52%] Built target PeptideHit_test
[ 52%] Built target SpectrumNativeIDParser_test
[ 52%] Built target PeptideIdentificationList_test
[ 53%] Built target Product_test
[ 53%] Built target Precursor_test
[ 53%] Built target PeptideIdentification_test
[ 53%] Built target ProteinHit_test
[ 53%] Built target ScanWindow_test
[ 53%] Built target Sample_test
[ 53%] Built target ProteinIdentification_test
[ 53%] Built target Software_test
[ 53%] Built target SourceFile_test
[ 53%] Built target SpectrumLookup_test
[ 53%] Built target SpectrumMetaDataLookup_test
[ 53%] Built target USI_test
[ 54%] Built target SpectrumSettings_test
[ 55%] Built target Base64_test
[ 55%] Built target AbsoluteQuantitationStandardsFile_test
[ 55%] Built target MSNumpressCoder_test
[ 55%] Built target BrukerTimsFile_test
[ 55%] Built target Bzip2Ifstream_test
[ 55%] Built target Bzip2InputStream_test
[ 55%] Built target CVMappingFile_test
[ 55%] Built target ChromeleonFile_test
[ 55%] Built target CompressedInputSource_test
[ 56%] Built target ControlledVocabulary_test
[ 56%] Built target CsvFile_test
[ 56%] Built target ConsensusXMLFile_test
[ 56%] Built target DTA2DFile_test
[ 56%] Built target DTAFile_test
[ 56%] Built target ExperimentalDesignFile_test
[ 56%] Built target FASTAFile_test
[ 56%] Built target EDTAFile_test
[ 56%] Built target FeatureFileOptions_test
[ 56%] Built target FeatureXMLFile_test
[ 56%] Built target FLASHDeconvFeatureFile_test
[ 57%] Built target FLASHDeconvSpectrumFile_test
[ 57%] Built target FLASHHelperClasses_test
[ 57%] Built target FileTypes_test
[ 57%] Built target GzipIfstream_test
[ 57%] Built target GzipInputStream_test
[ 58%] Built target FileHandler_test
[ 58%] Built target IndentedStream_test
[ 58%] Built target IdXMLFile_test
[ 59%] Built target IndexedMzMLDecoder_test
[ 59%] Built target IBSpectraFile_test
[ 59%] Built target InspectInfile_test
[ 59%] Built target IndexedMzMLFile_test
[ 59%] Built target IndexedMzMLFileLoader_test
[ 59%] Built target InspectOutfile_test
[ 59%] Built target MS2File_test
[ 59%] Built target KroenikFile_test
[ 59%] Built target MRMFeatureQCFile_test
[ 59%] Built target MSPFile_test
[ 60%] Built target MSPGenericFile_test
[ 60%] Built target MascotRemoteQuery_test
[ 60%] Built target MascotGenericFile_test
[ 60%] Built target MascotXMLFile_test
[ 60%] Built target MRMFeaturePickerFile_test
[ 60%] Built target MzDataFile_test
[ 60%] Built target MsInspectFile_test
[ 60%] Built target MzDataValidator_test
[ 61%] Built target MzIdentMLFile_test
[ 61%] Built target MzIdentMLValidator_test
[ 61%] Built target MzMLSpectrumDecoder_test
[ 61%] Built target MzMLFile_test
[ 61%] Built target MzMLSqliteHandler_test
[ 61%] Built target MzMLSqliteSwathHandler_test
[ 61%] Built target MzMLValidator_test
[ 62%] Built target MzTab_test
[ 62%] Built target MzTabFile_test
[ 62%] Built target MzTabM_test
[ 62%] Built target MzTabMFile_test
[ 62%] Built target NoopMSDataConsumer_test
[ 62%] Built target MzXMLFile_test
[ 62%] Built target TraMLValidator_test
[ 62%] Built target OSWFile_test
[ 62%] Built target OMSSACSVFile_test
[ 62%] Built target OMSSAXMLFile_test
[ 62%] Built target OMSFile_test
[ 62%] Built target PTMXMLFile_test
[ 62%] Built target ParamCTDFile_test
[ 62%] Built target ParamJSONFile_test
[ 62%] Built target ParamXMLFile_test
[ 62%] Built target PeakFileOptions_test
[ 62%] Built target PEFFFile_test
[ 62%] Built target PepNovoInfile_test
[ 62%] Built target PeakTypeEstimator_test
[ 62%] Built target PepNovoOutfile_test
[ 62%] Built target PepXMLFileMascot_test
[ 62%] Built target PercolatorInfile_test
[ 62%] Built target PepXMLFile_test
[ 62%] Built target SVOutStream_test
[ 62%] Built target PercolatorOutfile_test
[ 62%] Built target ProtXMLFile_test
[ 62%] Built target SemanticValidator_test
[ 62%] Built target SequestInfile_test
[ 62%] Built target SequestOutfile_test
[ 62%] Built target SqMassFile_test
[ 62%] Built target SpecArrayFile_test
[ 62%] Built target MRMFile_test
[ 62%] Built target SwathFile_test
[ 62%] Built target SwathMapMassCorrection_test
[ 62%] Built target TextFile_test
[ 62%] Built target SwathFileConsumer_test
[ 62%] Built target SwathWindowLoader_test
[ 62%] Built target TargetedDataFileLoader_test
[ 62%] Built target ToolDescriptionFile_test
[ 62%] Built target TransformationXMLFile_test
[ 62%] Built target TraMLFile_test
[ 62%] Built target UnimodXMLFile_test
[ 62%] Built target XMLHandler_test
[ 62%] Built target XMLFile_test
[ 62%] Built target XMassFile_test
[ 62%] Built target XMLValidator_test
[ 62%] Built target ZlibCompression_test
[ 62%] Built target XTandemInfile_test
[ 62%] Built target XQuestResultXMLFile_test
[ 63%] Built target XTandemXMLFile_test
[ 63%] Built target Libzip_test
[ 63%] Built target ZipArchiveFile_test
[ 63%] Built target ZipRandomAccessFile_test
[ 63%] Built target MSDataCachedConsumer_test
[ 63%] Built target MSDataTransformingConsumer_test
[ 63%] Built target MSDataChainingConsumer_test
[ 63%] Built target MSDataStoringConsumer_test
[ 63%] Built target MSDataAggregatingConsumer_test
[ 64%] Built target SpectrumAccessQuadMZTransforming_test
[ 64%] Built target SpectrumAccessSqMass_test
[ 65%] Built target SiriusFragmentAnnotation_test
[ 65%] Built target Arrow_test
[ 65%] Built target MSExperimentArrowExport_test
[ 65%] Built target QPXFile_test
[ 65%] Built target MSChromatogramParquetConsumer_test
[ 66%] Built target ConsensusMapArrowExport_test
[ 66%] Built target MobilogramParquetConsumer_test
[ 66%] Built target XICParquetFile_test
[ 66%] Built target XIMParquetFile_test
[ 66%] Built target ProteinIdentificationArrowIO_test
[ 66%] Built target ArrowSchemaRegistry_test
[ 66%] Built target FeatureMapArrowIO_test
[ 66%] Built target ConsensusMapArrowIO_test
[ 66%] Built target BasicStatistics_test
[ 66%] Built target OpenSwathOSWParquetRoundTrip_test
[ 66%] Built target BilinearInterpolation_test
[ 66%] Built target BSpline2d_test
[ 66%] Built target BSplineSmoothingSpline_test
[ 66%] Built target CubicSpline2d_test
[ 66%] Built target GammaDistributionFitter_test
[ 66%] Built target EmgGradientDescent_test
[ 66%] Built target GaussFitter_test
[ 66%] Built target GumbelDistributionFitter_test
[ 66%] Built target CrossValidation_test
[ 66%] Built target GridSearch_test
[ 66%] Built target Histogram_test
[ 66%] Built target KernelDensityEstimation_test
[ 66%] Built target LinearInterpolation_test
[ 66%] Built target LinearRegression_test
[ 66%] Built target MathFunctions_test
[ 66%] Built target MultipleTesting_test
[ 66%] Built target NNLS_test
[ 66%] Built target NonNegativeLeastSquaresSolver_test
[ 66%] Built target QuadraticRegression_test
[ 66%] Built target PosteriorErrorProbabilityModel_test
[ 67%] Built target RankData_test
[ 67%] Built target RANSACModel_test
[ 67%] Built target RANSAC_test
[ 67%] Built target RANSACModelLinear_test
[ 67%] Built target RANSACModelQuadratic_test
[ 67%] Built target ROCCurve_test
[ 67%] Built target StatisticFunctions_test
[ 67%] Built target Biosaur2Algorithm_test
[ 67%] Built target Deisotoper_test
[ 67%] Built target DataFilters_test
[ 67%] Built target ElutionPeakDetection_test
[ 67%] Built target FastLowessSmoothing_test
[ 67%] Built target FeatureOverlapFilter_test
[ 67%] Built target FeatureFindingMetabo_test
[ 67%] Built target GaussFilter_test
[ 67%] Built target GaussFilterAlgorithm_test
[ 67%] Built target LinearResampler_test
[ 67%] Built target InternalCalibration_test
[ 67%] Built target IDFilter_test
[ 67%] Built target LinearResamplerAlign_test
[ 67%] Built target LowessSmoothing_test
[ 67%] Built target ModifiedSincSmoother_test
[ 67%] Built target MorphologicalFilter_test
[ 67%] Built target MassTraceDetection_test
[ 67%] Built target MultiplexDeltaMasses_test
[ 67%] Built target MultiplexClustering_test
[ 67%] Built target MultiplexDeltaMassesGenerator_test
[ 68%] Built target MultiplexFilteredMSExperiment_test
[ 68%] Built target MultiplexFilteredPeak_test
[ 68%] Built target MultiplexIsotopicPeakPattern_test
[ 68%] Built target MultiplexFiltering_test
[ 68%] Built target MultiplexFilteringCentroided_test
[ 68%] Built target MultiplexFilteringProfile_test
[ 68%] Built target MultiplexSatelliteCentroided_test
[ 68%] Built target MultiplexSatelliteProfile_test
[ 68%] Built target MZTrafoModel_test
[ 68%] Built target NLargest_test
[ 68%] Built target Normalizer_test
[ 68%] Built target SplinePackage_test
[ 68%] Built target SplineInterpolatedPeaks_test
[ 68%] Built target PrecursorCorrection_test
[ 68%] Built target SavitzkyGolayFilter_test
[ 68%] Built target RankScaler_test
[ 68%] Built target SignalToNoiseEstimatorMedian_test
[ 68%] Built target SignalToNoiseEstimatorMeanIterative_test
[ 68%] Built target SignalToNoiseEstimatorMedianRapid_test
[ 68%] Built target SignalToNoiseEstimator_test
[ 68%] Built target SqrtScaler_test
[ 68%] Built target ThresholdMower_test
[ 69%] Built target WindowMower_test
[ 69%] Built target AverageLinkage_test
[ 69%] Built target BinnedSharedPeakCount_test
[ 69%] Built target SpectraMerger_test
[ 70%] Built target BinnedSpectralContrastAngle_test
[ 70%] Built target BinnedSpectrumCompareFunctor_test
[ 70%] Built target ClusterAnalyzer_test
[ 70%] Built target BinnedSumAgreeingIntensities_test
[ 70%] Built target BinnedSpectrum_test
[ 70%] Built target ClusterFunctor_test
[ 70%] Built target EuclideanSimilarity_test
[ 70%] Built target CompleteLinkage_test
[ 70%] Built target ClusterHierarchical_test
[ 70%] Built target PeakAlignment_test
[ 70%] Built target PeakSpectrumCompareFunctor_test
[ 70%] Built target SingleLinkage_test
[ 70%] Built target SpectrumAlignmentScore_test
[ 70%] Built target SpectrumCheapDPCorr_test
[ 70%] Built target SpectraSTSimilarityScore_test
[ 70%] Built target SpectrumAlignment_test
[ 70%] Built target AAIndex_test
[ 70%] Built target SpectrumPrecursorComparator_test
[ 70%] Built target SteinScottImproveScore_test
[ 70%] Built target ZhangSimilarityScore_test
[ 70%] Built target AASequence_test
[ 70%] Built target CoarseIsotopeDistribution_test
[ 70%] Built target CrossLinksDB_test
[ 70%] Built target DecoyGenerator_test
[ 71%] Built target ElementDB_test
[ 71%] Built target DigestionEnzymeProtein_test
[ 71%] Built target Element_test
[ 71%] Built target EmpiricalFormula_test
[ 71%] Built target FineIsotopeDistribution_test
[ 71%] Built target EnzymaticDigestion_test
[ 71%] Built target IMSAlphabetParser_test
[ 71%] Built target IMSAlphabetTextParser_test
[ 71%] Built target IMSAlphabet_test
[ 71%] Built target IMSElement_test
[ 71%] Built target IMSIsotopeDistribution_test
[ 71%] Built target IntegerMassDecomposer_test
[ 71%] Built target IsoSpec_test
[ 71%] Built target IsotopeDistribution_test
[ 71%] Built target MassDecomposer_test
[ 71%] Built target ModificationDataProvider_test
[ 71%] Built target ModificationDefinition_test
[ 71%] Built target ModificationDefinitionsSet_test
[ 71%] Built target ModificationsDB_test
[ 71%] Built target ModifiedNASequenceGenerator_test
[ 71%] Built target MzPAF_test
[ 71%] Built target NASequence_test
[ 71%] Built target NucleicAcidSpectrumGenerator_test
[ 71%] Built target DigestionEnzymeDataProvider_test
[ 71%] Built target ProteaseDB_test
[ 71%] Built target ProFormaParser_test
[ 71%] Built target ProteaseDigestion_test
[ 71%] Built target ResidueDB_test
[ 71%] Built target RealMassDecomposer_test
[ 71%] Built target ResidueModification_test
[ 71%] Built target RNaseDigestion_test
[ 71%] Built target Residue_test
[ 71%] Built target RibonucleotideDB_test
[ 71%] Built target Ribonucleotide_test
[ 71%] Built target RibonucleotideDataProvider_test
[ 71%] Built target SimpleTSGXLMS_test
[ 71%] Built target SpectrumAnnotator_test
[ 71%] Built target Tagger_test
[ 71%] Built target TheoreticalSpectrumGeneratorXLMS_test
[ 71%] Built target Weights_test
[ 71%] Built target TheoreticalSpectrumGenerator_test
[ 71%] Built target AbsoluteQuantitationMethod_test
[ 71%] Built target AbsoluteQuantitationMethodFile_test
[ 71%] Built target AbsoluteQuantitation_test
[ 72%] Built target AhoCorasickAmbiguous_test
[ 72%] Built target AbsoluteQuantitationStandards_test
[ 72%] Built target AScore_test
[ 72%] Built target AccurateMassSearchEngine_test
[ 72%] Built target BayesianProteinInferenceAlgorithm_test
[ 72%] Built target BaseGroupFinder_test
[ 72%] Built target BaseSuperimposer_test
[ 72%] Built target BasicProteinInferenceAlgorithm_test
[ 73%] Built target CometModification_test
[ 73%] Built target ClusterProxyKD_test
[ 73%] Built target ConsensusIDAlgorithmAverage_test
[ 73%] Built target ConfidenceScoring_test
[ 73%] Built target ConsensusIDAlgorithmBest_test
[ 73%] Built target ConsensusIDAlgorithmPEPMatrix_test
[ 73%] Built target ConsensusIDAlgorithmPEPIons_test
[ 73%] Built target ConsensusIDAlgorithmWorst_test
[ 73%] Built target ConsensusIDAlgorithmRanks_test
[ 73%] Built target ConsensusMapNormalizerAlgorithmThreshold_test
[ 73%] Built target ConsensusMapNormalizerAlgorithmMedian_test
[ 73%] Built target ConsensusMapMergerAlgorithm_test
[ 73%] Built target ConsensusMapNormalizerAlgorithmQuantile_test
[ 73%] Built target FeatureDeconvolution_test
[ 73%] Built target FalseDiscoveryRate_test
[ 73%] Built target FeatureDistance_test
[ 73%] Built target FeatureGroupingAlgorithmKD_test
[ 73%] Built target FeatureGroupingAlgorithmLabeled_test
[ 73%] Built target FeatureGroupingAlgorithmQT_test
[ 73%] Built target FeatureGroupingAlgorithmUnlabeled_test
[ 74%] Built target FeatureGroupingAlgorithm_test
[ 74%] Built target FeatureHandle_test
[ 74%] Built target FIAMSDataProcessor_test
[ 74%] Built target FLASHDeconvHelperStructs_test
[ 74%] Built target FLASHDeconvAlgorithm_test
[ 74%] Built target OpenSearchModificationAnalysis_test
[ 74%] Built target IDMergerAlgorithm_test
[ 74%] Built target IDMapper_test
[ 75%] Built target IDRipper_test
[ 75%] Built target IDBoostGraph_test
[ 75%] Built target IncludeExcludeTarget_test
[ 75%] Built target IDScoreSwitcherAlgorithm_test
[ 75%] Built target IsotopeLabelingMDVs_test
[ 75%] Built target ILPDCWrapper_test
[ 75%] Built target IsobaricQuantitationMethod_test
[ 75%] Built target IsobaricChannelExtractor_test
[ 75%] Built target IsobaricNormalizer_test
[ 75%] Built target IsobaricIsotopeCorrector_test
[ 75%] Built target IsobaricQuantifierStatistics_test
[ 76%] Built target IsobaricQuantifier_test
[ 76%] Built target ItraqFourPlexQuantitationMethod_test
[ 76%] Built target ItraqConstants_test
[ 76%] Built target ItraqEightPlexQuantitationMethod_test
[ 76%] Built target TMTSixPlexQuantitationMethod_test
[ 76%] Built target TMTElevenPlexQuantitationMethod_test
[ 76%] Built target TMTTenPlexQuantitationMethod_test
[ 76%] Built target TMTSixteenPlexQuantitationMethod_test
[ 76%] Built target TMTEighteenPlexQuantitationMethod_test
[ 76%] Built target TMTThirtyTwoPlexQuantitationMethod_test
[ 76%] Built target TMTThirtyFivePlexQuantitationMethod_test
[ 76%] Built target KDTreeFeatureMaps_test
[ 76%] Built target TargetedExperiment_test
[ 77%] Built target KDTreeFeatureNode_test
[ 77%] Built target LabeledPairFinder_test
[ 78%] Built target MRMFeaturePicker_test
[ 78%] Built target TargetedExperimentHelper_test
[ 78%] Built target MRMMapping_test
[ 78%] Built target MRMChromHandler_test
[ 78%] Built target DefaultChromHandler_test
[ 78%] Built target DIAChromHandler_test
[ 78%] Built target ChromatogramProcessor_test
[ 78%] Built target MRMScoring_test
[ 78%] Built target MapAlignmentAlgorithmKD_test
[ 79%] Built target MapAlignmentAlgorithmIdentification_test
[ 79%] Built target MapAlignmentAlgorithmPoseClustering_test
[ 79%] Built target MapAlignmentAlgorithmTreeGuided_test
[ 79%] Built target MapAlignmentEvaluationAlgorithmPrecision_test
[ 79%] Built target MapAlignmentEvaluationAlgorithm_test
[ 79%] Built target MapAlignmentEvaluationAlgorithmRecall_test
[ 79%] Built target MapAlignmentTransformer_test
[ 79%] Built target MassDecomposition_test
[ 79%] Built target MassDecompositionAlgorithm_test
[ 79%] Built target MassFeatureTrace_test
[ 79%] Built target MetaboliteFeatureDeconvolution_test
[ 80%] Built target ModifiedPeptideGenerator_test
[ 80%] Built target NeedlemanWunsch_test
[ 80%] Built target MetaboliteSpectralMatching_test
[ 80%] Built target NeighborSeq_test
[ 80%] Built target PeptideIndexing_test
[ 80%] Built target PeptideProteinResolution_test
[ 80%] Built target PeptideAndProteinQuant_test
[ 81%] Built target PScore_test
[ 82%] Built target PeakGroup_test
[ 82%] Built target HyperScore_test
[ 82%] Built target MorpheusScore_test
[ 82%] Built target OpenPepXLAlgorithm_test
[ 82%] Built target OPXLHelper_test
[ 82%] Built target OPXLSpectrumProcessingAlgorithms_test
[ 82%] Built target PoseClusteringAffineSuperimposer_test
[ 82%] Built target PrecursorPurity_test
[ 82%] Built target PoseClusteringShiftSuperimposer_test
[ 82%] Built target ReactionMonitoringTransition_test
[ 82%] Built target QTClusterFinder_test
[ 82%] Built target NuXLModificationsGenerator_test
[ 82%] Built target NuXLParameterParsing_test
[ 82%] Built target SimpleSVM_test
[ 82%] Built target SimpleSearchEngineAlgorithm_test
[ 82%] Built target PeptideSearchEngineFIAlgorithm_test
[ 82%] Built target SpectralDeconvolution_test
[ 82%] Built target PercolatorFeatureSetHelper_test
[ 82%] Built target StablePairFinder_test
[ 82%] Built target TransformationDescription_test
[ 82%] Built target TransformationModel_test
[ 82%] Built target TransformationModelBSpline_test
[ 82%] Built target TransformationModelLowess_test
[ 83%] Built target TransformationModelInterpolated_test
[ 83%] Built target TransformationModelLinear_test
[ 83%] Built target INIUpdater_test
[ 83%] Built target XFDRAlgorithm_test
[ 83%] Built target XQuestScores_test
[ 83%] Built target SearchEngineBase_test
[ 83%] Built target ToolHandler_test
[ 83%] Built target ParameterInformation_test
[ 83%] Built target ConsoleUtils_test
[ 83%] Built target TOPPBase_test
[ 83%] Built target BaseModel_test
[ 83%] Built target BiGaussModel_test
[ 83%] Built target EGHTraceFitter_test
[ 83%] Built target BiGaussFitter1D_test
[ 83%] Built target ElutionModelFitter_test
[ 83%] Built target EmgModel_test
[ 84%] Built target EmgFitter1D_test
[ 84%] Built target ExtendedIsotopeModel_test
[ 84%] Built target ExtendedIsotopeFitter1D_test
[ 84%] Built target FeatureFinderAlgorithmPickedHelperStructs_test
[ 84%] Built target FeatureFinderAlgorithmPicked_test
[ 84%] Built target FeatureFinderIdentificationAlgorithm_test
[ 84%] Built target Fitter1D_test
[ 84%] Built target FeatureFinderMultiplexAlgorithm_test
[ 84%] Built target GaussModel_test
[ 84%] Built target GaussTraceFitter_test
[ 84%] Built target GaussFitter1D_test
[ 84%] Built target IDConflictResolverAlgorithm_test
[ 84%] Built target InterpolationModel_test
[ 84%] Built target IsotopeModel_test
[ 84%] Built target IsotopeFitter1D_test
[ 84%] Built target ModelDescription_test
[ 84%] Built target LevMarqFitter1D_test
[ 84%] Built target MaxLikeliFitter1D_test
[ 84%] Built target PeakPickerHiRes_test
[ 84%] Built target PeakPickerIterative_test
[ 84%] Built target PeakPickerIM_test
[ 85%] Built target PeakWidthEstimator_test
[ 85%] Built target TraceFitter_test
[ 85%] Built target SeedListGenerator_test
[ 85%] Built target FAIMSHelper_test
[ 85%] Built target EmgScoring_test
[ 85%] Built target IMDataConverter_test
[ 85%] Built target IMTypes_test
[ 85%] Built target MRMAssay_test
[ 85%] Built target MRMRTNormalizer_test
[ 85%] Built target MRMDecoy_test
[ 85%] Built target MRMIonSeries_test
[ 85%] Built target TransitionTSVFile_test
[ 85%] Built target TransitionPQPFile_test
[ 85%] Built target ChromatogramExtractorAlgorithm_test
[ 85%] Built target ChromatogramExtractor_test
[ 85%] Built target OpenSwathOSWWriter_test
[ 85%] Built target OpenSwathHelper_test
[ 85%] Built target OpenSwathScores_test
[ 85%] Built target OpenSwathScoring_test
[ 85%] Built target PeakIntegrator_test
[ 85%] Built target PeakPickerMobilogram_test
[ 85%] Built target PeakPickerChromatogram_test
[ 85%] Built target MRMTransitionGroupPicker_test
[ 85%] Built target DIAPrescoring_test
[ 85%] Built target DIAHelper_test
[ 85%] Built target DIAScoring_test
[ 85%] Built target SpectrumAddition_test
[ 85%] Built target OpenSwathMRMFeatureAccessOpenMS_test
[ 85%] Built target OpenSwathSpectrumAccessOpenMS_test
[ 85%] Built target TargetedSpectraExtractor_test
[ 85%] Built target OpenSwathDataAccessHelper_test
[ 85%] Built target MRMBatchFeatureSelector_test
[ 85%] Built target MasstraceCorrelator_test
[ 85%] Built target CalibrationWorkflow_test
[ 85%] Built target MRMFeatureScoring_test
[ 85%] Built target MRMFeatureSelector_test
[ 85%] Built target MRMFeatureFinderScoring_test
[ 85%] Built target MRMFeatureFilter_test
[ 85%] Built target MRMFeatureQC_test
[ 85%] Built target SpectrumHelpers_test
[ 85%] Built target StatsHelpers_test
[ 85%] Built target SwathQC_test
[ 85%] Built target CachedMzML_test
[ 85%] Built target CachedMzMLHandler_test
[ 85%] Built target TransitionParquetFile_test
[ 86%] Built target IonMobilityScoring_test
[ 86%] Built target OpenSwathOSWParquetReader_test
[ 86%] Built target OpenSwathOSWParquetWriter_test
[ 86%] Built target DBSuitability_test
[ 86%] Built target Contaminants_test
[ 86%] Built target FragmentMassError_test
[ 86%] Built target FWHM_test
[ 86%] Built target MissedCleavages_test
[ 86%] Built target Ms2IdentificationRate_test
[ 86%] Built target Ms2SpectrumStats_test
[ 86%] Built target MQEvidenceExporter_test
[ 86%] Built target MQMsmsExporter_test
[ 86%] Built target MzCalibration_test
[ 88%] Built target PeptideMass_test
[ 88%] Built target QCBase_test
[ 88%] Built target PSMExplainedIonCurrent_test
[ 88%] Built target RTAlignment_test
[ 88%] Built target Tutorial_AASequence
[ 89%] Built target TIC_test
[ 89%] Built target Tutorial_DPosition
[ 89%] Built target Tutorial_Clustering
[ 89%] Built target Tutorial_DRange
[ 89%] Built target Tutorial_EmpiricalFormula
[ 90%] Built target Tutorial_Element
[ 90%] Built target Tutorial_Enzyme
[ 90%] Built target Tutorial_FeatureFinder
[ 90%] Built target Tutorial_FileIO_Consumer
[ 90%] Built target Tutorial_FileIO
[ 90%] Built target Tutorial_FeatureMap
[ 90%] Built target Tutorial_FileIO_mzML
[ 90%] Built target Tutorial_GaussFilter
[ 90%] Built target Tutorial_IdentificationClasses
[ 90%] Built target Tutorial_Logger
[ 91%] Built target Tutorial_Labeled
[ 91%] Built target Tutorial_MetaInfo
[ 91%] Built target Tutorial_MSChromatogram
[ 91%] Built target Tutorial_MapAlignment
[ 91%] Built target Tutorial_MorphologicalFilter
[ 91%] Built target Tutorial_MSExperiment
[ 91%] Built target Tutorial_Param
[ 91%] Built target Tutorial_MSSpectrum
[ 91%] Built target Tutorial_Precursor
[ 91%] Built target Tutorial_ProForma
[ 91%] Built target Tutorial_Residue
[ 91%] Built target Tutorial_RangeManager
[ 91%] Built target Tutorial_ResidueModification
[ 91%] Built target Tutorial_Template
[ 92%] Built target Tutorial_SavitzkyGolayFilter
[ 92%] Built target Tutorial_TheoreticalSpectrumGenerator
[ 92%] Built target Tutorial_TOPP
[ 92%] Built target Tutorial_Unlabeled
[ 92%] Automatic MOC and UIC for target OpenMS_GUI
[ 92%] Built target OpenMS_GUI_autogen
[ 92%] Building CXX object src/openms_gui/CMakeFiles/OpenMS_GUI.dir/source/VISUAL/TOPPASToolVertex.cpp.o
[ 92%] Linking CXX shared library ../../lib/libOpenMS_GUI.so
[ 98%] Built target OpenMS_GUI
[ 98%] Built target ExecutePipeline_autogen_timestamp_deps
[ 98%] Built target ImageCreator_autogen_timestamp_deps
[ 98%] Built target INIFileEditor_autogen_timestamp_deps
[ 98%] Built target FLASHDeconvWizard_autogen_timestamp_deps
[ 98%] Built target INIUpdater_autogen_timestamp_deps
[ 98%] Built target SwathWizard_autogen_timestamp_deps
[ 98%] Built target TOPPAS_autogen_timestamp_deps
[ 98%] Built target TOPPView_autogen_timestamp_deps
[ 98%] Built target AxisTickCalculator_test_autogen_timestamp_deps
[ 98%] Built target GUIHelpers_test_autogen_timestamp_deps
[ 98%] Built target FileWatcher_test_autogen_timestamp_deps
[ 98%] Built target MultiGradient_test_autogen_timestamp_deps
[ 98%] Built target TOPPView_test_autogen_timestamp_deps
[ 98%] Built target TSGDialog_test_autogen_timestamp_deps
[ 98%] Linking CXX executable ../../bin/Tutorial_GUI_ListEditor
[ 98%] Linking CXX executable ../../bin/Tutorial_GUI_ParamEditor
[ 98%] Built target ExecutePipeline_autogen
[ 98%] Built target FLASHDeconvWizard_autogen
[ 98%] Built target ImageCreator_autogen
[ 98%] Linking CXX executable ../../bin/Tutorial_GUI_Plot1D
[ 98%] Built target INIFileEditor_autogen
[ 98%] Built target INIUpdater_autogen
[ 98%] Built target SwathWizard_autogen
[ 98%] Built target TOPPAS_autogen
[ 98%] Built target TOPPView_autogen
[ 98%] Built target AxisTickCalculator_test_autogen
[ 98%] Built target FileWatcher_test_autogen
[ 98%] Built target GUIHelpers_test_autogen
[ 98%] Built target MultiGradient_test_autogen
[ 98%] Built target TOPPView_test_autogen
[ 98%] Built target TSGDialog_test_autogen
[ 98%] Linking CXX executable ../../bin/ExecutePipeline
[ 98%] Built target Tutorial_GUI_ListEditor
[ 98%] Linking CXX executable ../../bin/FLASHDeconvWizard
[ 98%] Built target Tutorial_GUI_ParamEditor
[ 98%] Linking CXX executable ../../bin/ImageCreator
[ 98%] Built target Tutorial_GUI_Plot1D
[ 98%] Linking CXX executable ../../bin/INIFileEditor
[ 98%] Built target ExecutePipeline
[ 98%] Linking CXX executable ../../bin/INIUpdater
[ 98%] Built target FLASHDeconvWizard
[ 98%] Linking CXX executable ../../bin/SwathWizard
[ 98%] Built target ImageCreator
[ 99%] Built target INIFileEditor
[ 99%] Linking CXX executable ../../bin/TOPPAS
[ 99%] Linking CXX executable ../../bin/TOPPView
[ 99%] Built target INIUpdater
[ 99%] Linking CXX executable ../bin/AxisTickCalculator_test
[ 99%] Built target SwathWizard
[ 99%] Built target TOPPAS
[ 99%] Linking CXX executable ../bin/FileWatcher_test
[ 99%] Linking CXX executable ../bin/GUIHelpers_test
[100%] Built target TOPPView
[100%] Linking CXX executable ../bin/MultiGradient_test
[100%] Built target AxisTickCalculator_test
[100%] Linking CXX executable ../bin/TOPPView_test
[100%] Built target FileWatcher_test
[100%] Built target GUIHelpers_test
[100%] Linking CXX executable ../bin/TSGDialog_test
[100%] Built target MultiGradient_test
[100%] Built target TOPPView_test
[100%] Built target TSGDialog_test
