-- The C compiler identification is GNU 13.3.0
-- The CXX compiler identification is GNU 13.3.0
-- Detecting C compiler ABI info
-- Detecting C compiler ABI info - done
-- Check for working C compiler: /usr/bin/cc - skipped
-- Detecting C compile features
-- Detecting C compile features - done
-- Detecting CXX compiler ABI info
-- Detecting CXX compiler ABI info - done
-- Check for working CXX compiler: /usr/bin/c++ - skipped
-- Detecting CXX compile features
-- Detecting CXX compile features - done
-- ADDRESSMODEL is: 64-bit
-- The BUILD_TYPE XercesC is invalid
-- Valid BUILD_TYPEs are:
--  * ALL
--  * LIBSVM
--  * XERCESC
--  * BOOST
--  * COINOR
--  * BZIP2
--  * ZLIB
--  * GLPK
--  * EIGEN
--  * KISSFFT
--  * HDF5
--  * OPENMP
--  * ARROW
CMake Error at CMakeLists.txt:500 (message):
  Aborting contrib build!


-- Configuring incomplete, errors occurred!
